[malpay.io/index.html]
[backblue.gif]
[fade.gif]
[index.html]
[stackpath.bootstrapcdn.com/font-awesome/4.7.0/css/font-awesome.min.css]
[malpay.io/images/cropped-favicon-32x32.png]
[malpay.io/css/vendors.css]
[malpay.io/css/plugins.css]
[malpay.io/css/icons.css]
[malpay.io/css/style.css]
[malpay.io/index-2.html]
[malpay.io/images/logo22.png]
[malpay.io/about-us-2.html]
[malpay.io/partners.html]
[malpay.io/digital.html]
[malpay.io/merchant.html]
[malpay.io/mal-trans.html]
[malpay.io/faq.html]
[malpay.io/contact.html]
[malpay.io/images/hero/hero-1.png]
[malpay.io/images/bg/f1.png]
[malpay.io/images/bg/f2.png]
[malpay.io/images/services/credit-card.png]
[malpay.io/images/services/bank.png]
[malpay.io/images/services/business-and-finance.png]
[malpay.io/images/services/safe.png]
[malpay.io/images/bg/4573.jpg]
[malpay.io/images/svg/android.svg]
[malpay.io/images/svg/apple.svg]
[malpay.io/js/vendors.js]
[malpay.io/js/plugins.js]
[malpay.io/js/main.js]
[malpay.io/index.html]
[stackpath.bootstrapcdn.com/font-awesome/4.7.0/css/font-awesome.min.css]
[bnker.netlify.app/ltr/css/images/ui-icons_444444_256x240.1c.delayed]
[bnker.netlify.app/ltr/css/images/ui-icons_555555_256x240.1d.delayed]
[bnker.netlify.app/ltr/css/images/ui-icons_ffffff_256x240.1e.delayed]
[bnker.netlify.app/ltr/css/images/ui-icons_777620_256x240.1f.delayed]
[bnker.netlify.app/ltr/css/images/ui-icons_cc0000_256x240.20.delayed]
[bnker.netlify.app/ltr/css/images/ui-icons_777777_256x240.21.delayed]
[malpay.io/css/vendors.css]
[malpay.io/css/plugins.css]
[malpay.io/fonts/la-brands-400.eot]
[malpay.io/fonts/la-brands-400﹖.eot]
[malpay.io/fonts/la-brands-400.woff2]
[malpay.io/fonts/la-brands-400.woff]
[malpay.io/fonts/la-brands-400.ttf]
[malpay.io/fonts/la-brands-400.svg]
[malpay.io/fonts/la-regular-400.eot]
[malpay.io/fonts/la-regular-400﹖.eot]
[malpay.io/fonts/la-regular-400.woff2]
[malpay.io/fonts/la-regular-400.woff]
[malpay.io/fonts/la-regular-400.ttf]
[malpay.io/fonts/la-regular-400.svg]
[malpay.io/fonts/la-solid-900.eot]
[malpay.io/fonts/la-solid-900﹖.eot]
[malpay.io/fonts/la-solid-900.woff2]
[malpay.io/fonts/la-solid-900.woff]
[malpay.io/fonts/la-solid-900.ttf]
[malpay.io/fonts/la-solid-900.svg]
[malpay.io/fonts/remixicon﹖t=1590207869815.eot]
[malpay.io/fonts/remixicon﹖t=1590207869815.woff2]
[malpay.io/fonts/remixicon﹖t=1590207869815.woff]
[malpay.io/fonts/remixicon﹖t=1590207869815.ttf]
[malpay.io/css/icons.css]
[malpay.io/fonts/remixicon﹖t=1590207869815.svg]
[unicons.iconscout.com/release/v3.0.3/css/line.css]
[malpay.io/images/hero/hero-2.png]
[malpay.io/images/bg/about-2.png]
[malpay.io/images/bg/login-bg.jpg]
[malpay.io/images/bg/overlay.png]
[malpay.io/images/bg/coming-soon-bg-1.png]
[malpay.io/images/bg/Web]
[malpay.io/css/style.css]
[malpay.io/index-2.html]
[malpay.io/about-us-2.html]
[malpay.io/images/bg/bb2.jpg]
[malpay.io/images/bg/ab2.jpg]
[malpay.io/images/team/romanspage.png]
[malpay.io/images/team/paystack.jpg]
[malpay.io/images/team/slot.png]
[malpay.io/images/team/adellcare.png]
[malpay.io/images/testimonial/02.jpg]
[malpay.io/images/testimonial/01.jpg]
[malpay.io/partners.html]
[malpay.io/digital.html]
[malpay.io/merchant.html]
[malpay.io/mal-trans.html]
[malpay.io/images/testimonial/04.jpg]
[bnker.netlify.app/ltr/images/bg/1.png]
[malpay.io/faq.html]
[bnker.netlify.app/ltr/images/bg/4.png]
[malpay.io/contact.html]
[malpay.io/images/svg/android.svg]
[malpay.io/images/svg/apple.svg]
[bnker.netlify.app/ltr/css/images/ui-icons_444444_256x240.html]
[bnker.netlify.app/ltr/css/images/ui-icons_555555_256x240.html]
[bnker.netlify.app/ltr/css/images/ui-icons_ffffff_256x240.html]
[bnker.netlify.app/ltr/css/images/ui-icons_777620_256x240.html]
[bnker.netlify.app/ltr/css/images/ui-icons_cc0000_256x240.html]
[bnker.netlify.app/ltr/css/images/ui-icons_777777_256x240.html]
[malpay.io/fonts/la-brands-400.svg]
[malpay.io/fonts/la-regular-400.svg]
[malpay.io/fonts/la-solid-900.svg]
[malpay.io/fonts/remixicon﹖t=1590207869815.svg]
[unicons.iconscout.com/release/v3.0.3/css/line.css]
[malpay.io/images/bg/Web.html]
